// Jest Snapshot v1, https://goo.gl/fbAQLP

exports[`withConverse wraps \`displayName\` 1`] = `"withConverse(Mock)"`;
